###############################################################################
#
# IAR ELF Linker V7.50.2.10312/W32 for ARM                20/Oct/2018  02:26:33
# Copyright 2007-2015 IAR Systems AB.
#
#    Output file  =  
#        E:\STM32\AIR\rs485_adapter_emul\emul\EWARM\emul\Exe\emul.out
#    Map file     =  
#        E:\STM32\AIR\rs485_adapter_emul\emul\EWARM\emul\List\emul.map
#    Command line =  
#        E:\STM32\AIR\rs485_adapter_emul\emul\EWARM\emul\Obj\main.o
#        E:\STM32\AIR\rs485_adapter_emul\emul\EWARM\emul\Obj\startup_stm32f303xc.o
#        E:\STM32\AIR\rs485_adapter_emul\emul\EWARM\emul\Obj\stm32f3xx_hal.o
#        E:\STM32\AIR\rs485_adapter_emul\emul\EWARM\emul\Obj\stm32f3xx_hal_cortex.o
#        E:\STM32\AIR\rs485_adapter_emul\emul\EWARM\emul\Obj\stm32f3xx_hal_dma.o
#        E:\STM32\AIR\rs485_adapter_emul\emul\EWARM\emul\Obj\stm32f3xx_hal_flash.o
#        E:\STM32\AIR\rs485_adapter_emul\emul\EWARM\emul\Obj\stm32f3xx_hal_flash_ex.o
#        E:\STM32\AIR\rs485_adapter_emul\emul\EWARM\emul\Obj\stm32f3xx_hal_gpio.o
#        E:\STM32\AIR\rs485_adapter_emul\emul\EWARM\emul\Obj\stm32f3xx_hal_i2c.o
#        E:\STM32\AIR\rs485_adapter_emul\emul\EWARM\emul\Obj\stm32f3xx_hal_i2c_ex.o
#        E:\STM32\AIR\rs485_adapter_emul\emul\EWARM\emul\Obj\stm32f3xx_hal_msp.o
#        E:\STM32\AIR\rs485_adapter_emul\emul\EWARM\emul\Obj\stm32f3xx_hal_pcd.o
#        E:\STM32\AIR\rs485_adapter_emul\emul\EWARM\emul\Obj\stm32f3xx_hal_pcd_ex.o
#        E:\STM32\AIR\rs485_adapter_emul\emul\EWARM\emul\Obj\stm32f3xx_hal_pwr.o
#        E:\STM32\AIR\rs485_adapter_emul\emul\EWARM\emul\Obj\stm32f3xx_hal_pwr_ex.o
#        E:\STM32\AIR\rs485_adapter_emul\emul\EWARM\emul\Obj\stm32f3xx_hal_rcc.o
#        E:\STM32\AIR\rs485_adapter_emul\emul\EWARM\emul\Obj\stm32f3xx_hal_rcc_ex.o
#        E:\STM32\AIR\rs485_adapter_emul\emul\EWARM\emul\Obj\stm32f3xx_hal_spi.o
#        E:\STM32\AIR\rs485_adapter_emul\emul\EWARM\emul\Obj\stm32f3xx_hal_spi_ex.o
#        E:\STM32\AIR\rs485_adapter_emul\emul\EWARM\emul\Obj\stm32f3xx_hal_tim.o
#        E:\STM32\AIR\rs485_adapter_emul\emul\EWARM\emul\Obj\stm32f3xx_hal_tim_ex.o
#        E:\STM32\AIR\rs485_adapter_emul\emul\EWARM\emul\Obj\stm32f3xx_it.o
#        E:\STM32\AIR\rs485_adapter_emul\emul\EWARM\emul\Obj\system_stm32f3xx.o
#        E:\STM32\AIR\rs485_adapter_emul\emul\EWARM\emul\Obj\usb_device.o
#        E:\STM32\AIR\rs485_adapter_emul\emul\EWARM\emul\Obj\usbd_cdc.o
#        E:\STM32\AIR\rs485_adapter_emul\emul\EWARM\emul\Obj\usbd_cdc_if.o
#        E:\STM32\AIR\rs485_adapter_emul\emul\EWARM\emul\Obj\usbd_conf.o
#        E:\STM32\AIR\rs485_adapter_emul\emul\EWARM\emul\Obj\usbd_core.o
#        E:\STM32\AIR\rs485_adapter_emul\emul\EWARM\emul\Obj\usbd_ctlreq.o
#        E:\STM32\AIR\rs485_adapter_emul\emul\EWARM\emul\Obj\usbd_desc.o
#        E:\STM32\AIR\rs485_adapter_emul\emul\EWARM\emul\Obj\usbd_ioreq.o
#        --redirect _Printf=_PrintfFull --redirect _Scanf=_ScanfFull -o
#        E:\STM32\AIR\rs485_adapter_emul\emul\EWARM\emul\Exe\emul.out --map
#        E:\STM32\AIR\rs485_adapter_emul\emul\EWARM\emul\List\emul.map --config
#        E:\STM32\AIR\rs485_adapter_emul\emul\EWARM/stm32f303xc_flash.icf
#        --semihosting --entry __iar_program_start --vfe
#
###############################################################################

*******************************************************************************
*** RUNTIME MODEL ATTRIBUTES
***

CppFlavor       = *
__SystemLibrary = DLib


*******************************************************************************
*** PLACEMENT SUMMARY
***

"A1":  place at 0x08000000 { ro section .intvec };
"P1":  place in [from 0x08000000 to 0x0803ffff] { ro };
"P2":  place in [from 0x20000000 to 0x20009fff] { rw, block CSTACK, block HEAP };

  Section             Kind        Address    Size  Object
  -------             ----        -------    ----  ------
"A1":                                       0x188
  .intvec             ro code  0x08000000   0x188  startup_stm32f303xc.o [1]
                             - 0x08000188   0x188

"P1":                                      0x401e
  .text               ro code  0x08000188   0xb04  stm32f3xx_hal_pcd.o [1]
  .text               ro code  0x08000c8c   0x2a4  usbd_conf.o [1]
  .text               ro code  0x08000f30    0x82  stm32f3xx_hal_pcd_ex.o [1]
  .text               ro code  0x08000fb2    0x76  lz77_init_single.o [5]
  .text               ro code  0x08001028   0x1a4  stm32f3xx_hal_gpio.o [1]
  .text               ro code  0x080011cc    0xe2  stm32f3xx_hal_cortex.o [1]
  .text               ro code  0x080012ae   0x236  usbd_core.o [1]
  .text               ro code  0x080014e4   0x2dc  main.o [1]
  .text               ro code  0x080017c0   0x3b2  usbd_ctlreq.o [1]
  .text               ro code  0x08001b72    0x60  usbd_ioreq.o [1]
  .text               ro code  0x08001bd4    0x78  stm32f3xx_hal.o [1]
  .text               ro code  0x08001c4c    0xb8  stm32f3xx_hal_spi.o [1]
  .text               ro code  0x08001d04    0x38  usb_device.o [1]
  .text               ro code  0x08001d3c   0x3c2  stm32f3xx_hal_tim.o [1]
  .text               ro code  0x08002100   0x454  stm32f3xx_hal_rcc.o [1]
  .text               ro code  0x08002554   0x1b8  stm32f3xx_hal_rcc_ex.o [1]
  .text               ro code  0x0800270c    0xb6  stm32f3xx_hal_i2c.o [1]
  .text               ro code  0x080027c4    0x7a  stm32f3xx_hal_i2c_ex.o [1]
  .text               ro code  0x08002840    0x5c  stm32f3xx_hal_tim_ex.o [1]
  .text               ro code  0x0800289c   0x1a8  stm32f3xx_hal_msp.o [1]
  .text               ro code  0x08002a44   0x230  usbd_cdc.o [1]
  .text               ro code  0x08002c74   0x328  stm32f3xx_it.o [1]
  .text               ro code  0x08002f9c    0x6c  usbd_cdc_if.o [1]
  .text               ro code  0x08003008    0x76  ABImemcpy_unaligned.o [5]
  .text               ro code  0x08003080     0x6  ABImemclr4.o [5]
  .text               ro code  0x08003088    0x46  FltToU64.o [4]
  .text               ro code  0x080030d0   0x306  powf.o [4]
  .text               ro code  0x080033d8    0x4e  FltToDbl.o [4]
  .text               ro code  0x08003428   0x1a2  DblMul.o [4]
  .text               ro code  0x080035cc    0xe8  DblAdd.o [4]
  .text               ro code  0x080036b4   0x100  sqrt.o [4]
  .text               ro code  0x080037b4    0x90  DblToFlt.o [4]
  .text               ro code  0x08003844    0x32  ABImemset48.o [5]
  .text               ro code  0x08003876    0x26  xfdnorm.o [4]
  .text               ro code  0x0800389c    0x4e  xfdint.o [4]
  .text               ro code  0x080038ec     0xc  errno.o [3]
  .text               ro code  0x080038f8    0x28  xflog.o [4]
  .text               ro code  0x08003920   0x21c  xfexp.o [4]
  .text               ro code  0x08003b3c   0x16c  DblSub.o [4]
  .text               ro code  0x08003ca8     0xc  iarEdom.o [5]
  .text               ro code  0x08003cb4     0x2  xtls.o [3]
  .text               ro code  0x08003cb8    0xc4  xfdscale.o [4]
  .text               ro code  0x08003d7c    0xb0  usbd_desc.o [1]
  .text               ro code  0x08003e2c    0x7c  system_stm32f3xx.o [1]
  .text               ro code  0x08003ea8    0x40  zero_init3.o [5]
  .text               ro code  0x08003ee8    0x28  data_init.o [5]
  .text               ro code  0x08003f10    0x22  fpinit_M.o [4]
  .iar.init_table     const    0x08003f34    0x20  - Linker created -
  .text               ro code  0x08003f54    0x1a  cmain.o [5]
  .text               ro code  0x08003f6e     0x4  low_level_init.o [3]
  .text               ro code  0x08003f72     0x4  exit.o [3]
  .text               ro code  0x08003f78     0xa  cexit.o [5]
  .text               ro code  0x08003f84    0x14  exit.o [6]
  .text               ro code  0x08003f98    0x10  startup_stm32f303xc.o [1]
  .text               ro code  0x08003fa8     0xc  cstartup_M.o [5]
  .text               ro code  0x08003fb4     0x4  startup_stm32f303xc.o [1]
  .text               ro code  0x08003fb8     0x4  startup_stm32f303xc.o [1]
  .text               ro code  0x08003fbc     0x4  startup_stm32f303xc.o [1]
  .text               ro code  0x08003fc0     0x4  startup_stm32f303xc.o [1]
  .text               ro code  0x08003fc4     0x4  startup_stm32f303xc.o [1]
  .text               ro code  0x08003fc8     0x4  startup_stm32f303xc.o [1]
  .text               ro code  0x08003fcc     0x4  startup_stm32f303xc.o [1]
  .text               ro code  0x08003fd0     0x4  startup_stm32f303xc.o [1]
  .text               ro code  0x08003fd4     0x4  startup_stm32f303xc.o [1]
  .text               ro code  0x08003fd8     0x4  startup_stm32f303xc.o [1]
  .text               ro code  0x08003fdc     0x4  startup_stm32f303xc.o [1]
  .text               ro code  0x08003fe0     0x4  startup_stm32f303xc.o [1]
  .text               ro code  0x08003fe4     0x4  startup_stm32f303xc.o [1]
  .text               ro code  0x08003fe8     0x4  startup_stm32f303xc.o [1]
  .text               ro code  0x08003fec     0x4  startup_stm32f303xc.o [1]
  .text               ro code  0x08003ff0     0x4  startup_stm32f303xc.o [1]
  .text               ro code  0x08003ff4     0x4  startup_stm32f303xc.o [1]
  .text               ro code  0x08003ff8     0x4  startup_stm32f303xc.o [1]
  .text               ro code  0x08003ffc     0x4  startup_stm32f303xc.o [1]
  .text               ro code  0x08004000     0x4  startup_stm32f303xc.o [1]
  .text               ro code  0x08004004     0x4  startup_stm32f303xc.o [1]
  .text               ro code  0x08004008     0x4  startup_stm32f303xc.o [1]
  .text               ro code  0x0800400c     0x4  startup_stm32f303xc.o [1]
  .text               ro code  0x08004010     0x4  startup_stm32f303xc.o [1]
  .text               ro code  0x08004014     0x4  startup_stm32f303xc.o [1]
  .text               ro code  0x08004018     0x4  startup_stm32f303xc.o [1]
  .text               ro code  0x0800401c     0x4  startup_stm32f303xc.o [1]
  .text               ro code  0x08004020     0x4  startup_stm32f303xc.o [1]
  .text               ro code  0x08004024     0x4  startup_stm32f303xc.o [1]
  .text               ro code  0x08004028     0x4  startup_stm32f303xc.o [1]
  .text               ro code  0x0800402c     0x4  startup_stm32f303xc.o [1]
  .text               ro code  0x08004030     0x4  startup_stm32f303xc.o [1]
  .text               ro code  0x08004034     0x4  startup_stm32f303xc.o [1]
  .text               ro code  0x08004038     0x4  startup_stm32f303xc.o [1]
  .text               ro code  0x0800403c     0x4  startup_stm32f303xc.o [1]
  .text               ro code  0x08004040     0x4  startup_stm32f303xc.o [1]
  .text               ro code  0x08004044     0x4  startup_stm32f303xc.o [1]
  .text               ro code  0x08004048     0x4  startup_stm32f303xc.o [1]
  .text               ro code  0x0800404c     0x4  startup_stm32f303xc.o [1]
  .text               ro code  0x08004050     0x4  startup_stm32f303xc.o [1]
  .text               ro code  0x08004054     0x4  startup_stm32f303xc.o [1]
  .text               ro code  0x08004058     0x4  startup_stm32f303xc.o [1]
  .text               ro code  0x0800405c     0x4  startup_stm32f303xc.o [1]
  .text               ro code  0x08004060     0x4  startup_stm32f303xc.o [1]
  .text               ro code  0x08004064     0x4  startup_stm32f303xc.o [1]
  .text               ro code  0x08004068     0x4  startup_stm32f303xc.o [1]
  .text               ro code  0x0800406c     0x4  startup_stm32f303xc.o [1]
  .text               ro code  0x08004070     0x4  startup_stm32f303xc.o [1]
  .text               ro code  0x08004074     0x4  startup_stm32f303xc.o [1]
  .text               ro code  0x08004078     0x4  startup_stm32f303xc.o [1]
  .text               ro code  0x0800407c     0x4  startup_stm32f303xc.o [1]
  .text               ro code  0x08004080     0x4  startup_stm32f303xc.o [1]
  .text               ro code  0x08004084     0x4  startup_stm32f303xc.o [1]
  .text               ro code  0x08004088     0x4  startup_stm32f303xc.o [1]
  .text               ro code  0x0800408c     0x4  startup_stm32f303xc.o [1]
  .text               ro code  0x08004090     0x4  startup_stm32f303xc.o [1]
  .text               ro code  0x08004094     0x4  startup_stm32f303xc.o [1]
  .text               ro code  0x08004098     0x4  startup_stm32f303xc.o [1]
  .text               ro code  0x0800409c     0x4  startup_stm32f303xc.o [1]
  .text               ro code  0x080040a0     0x4  startup_stm32f303xc.o [1]
  .text               ro code  0x080040a4     0x4  startup_stm32f303xc.o [1]
  .text               ro code  0x080040a8     0x4  startup_stm32f303xc.o [1]
  .rodata             const    0x080040ac     0x0  zero_init3.o [5]
  .rodata             const    0x080040ac     0x0  lz77_init_single.o [5]
  Initializer bytes   const    0x080040ac    0xfa  <for P2-1>
                             - 0x080041a6  0x401e

"P2", part 1 of 3:                          0x1cc
  P2-1                         0x20000000   0x1cc  <Init block>
    .data             inited   0x20000000    0x40  stm32f3xx_it.o [1]
    .data             inited   0x20000040     0xc  stm32f3xx_hal.o [1]
    .data             inited   0x2000004c     0xc  stm32f3xx_it.o [1]
    .data             inited   0x20000058     0xc  stm32f3xx_it.o [1]
    .data             inited   0x20000064     0xc  stm32f3xx_it.o [1]
    .data             inited   0x20000070     0x4  system_stm32f3xx.o [1]
    .data             inited   0x20000074     0xc  usbd_cdc.o [1]
    .data             inited   0x20000080    0x38  usbd_cdc.o [1]
    .data             inited   0x200000b8    0x44  usbd_cdc.o [1]
    .data             inited   0x200000fc    0x44  usbd_cdc.o [1]
    .data             inited   0x20000140    0x44  usbd_cdc.o [1]
    .data             inited   0x20000184    0x10  usbd_cdc_if.o [1]
    .data             inited   0x20000194    0x1c  usbd_desc.o [1]
    .data             inited   0x200001b0    0x14  usbd_desc.o [1]
    .data             inited   0x200001c4     0x4  usbd_desc.o [1]
    __DLIB_PERTHREAD  inited   0x200001c8     0x4  errno.o [3]
                             - 0x200001cc   0x1cc

"P2", part 2 of 3:                         0x4000
  CSTACK                       0x200001d0  0x4000  <Block>
    CSTACK            uninit   0x200001d0  0x4000  <Block tail>
                             - 0x200041d0  0x4000

"P2", part 3 of 3:                         0x1330
  .bss                zero     0x200041d0   0x7d0  usbd_cdc_if.o [1]
  .bss                zero     0x200049a0   0x3a8  usbd_conf.o [1]
  .bss                zero     0x20004d48   0x224  usb_device.o [1]
  .bss                zero     0x20004f6c   0x220  usbd_conf.o [1]
  .bss                zero     0x2000518c   0x200  usbd_desc.o [1]
  .bss                zero     0x2000538c    0x64  main.o [1]
  .bss                zero     0x200053f0    0x4c  main.o [1]
  .bss                zero     0x2000543c    0x40  main.o [1]
  .bss                zero     0x2000547c    0x40  main.o [1]
  .bss                zero     0x200054bc    0x40  main.o [1]
  .bss                zero     0x200054fc     0x1  usbd_cdc.o [1]
  .bss                zero     0x200054fd     0x1  usbd_ctlreq.o [1]
                             - 0x200054fe  0x132e


*******************************************************************************
*** INIT TABLE
***

          Address     Size
          -------     ----
Zero (__iar_zero_init3)
    1 destination range, total size 0x132e:
          0x200041d0  0x132e

Copy/lz77 (__iar_lz77_init_single3)
    1 source range, total size 0xfa (54% of destination):
          0x080040ac    0xfa
    1 destination range, total size 0x1cc:
          0x20000000   0x1cc



*******************************************************************************
*** MODULE SUMMARY
***

    Module                  ro code  ro data  rw data
    ------                  -------  -------  -------
E:\STM32\AIR\rs485_adapter_emul\emul\EWARM\emul\Obj: [1]
    main.o                      732               368
    startup_stm32f303xc.o       656
    stm32f3xx_hal.o             120        7       12
    stm32f3xx_hal_cortex.o      226
    stm32f3xx_hal_gpio.o        420
    stm32f3xx_hal_i2c.o         182
    stm32f3xx_hal_i2c_ex.o      122
    stm32f3xx_hal_msp.o         424
    stm32f3xx_hal_pcd.o       2 820
    stm32f3xx_hal_pcd_ex.o      130
    stm32f3xx_hal_rcc.o       1 108
    stm32f3xx_hal_rcc_ex.o      440
    stm32f3xx_hal_spi.o         184
    stm32f3xx_hal_tim.o         962
    stm32f3xx_hal_tim_ex.o       92
    stm32f3xx_it.o              808       53      100
    system_stm32f3xx.o          124        3        4
    usb_device.o                 56               548
    usbd_cdc.o                  560      147      273
    usbd_cdc_if.o               108        9    2 016
    usbd_conf.o                 676             1 480
    usbd_core.o                 566
    usbd_ctlreq.o               946                 1
    usbd_desc.o                 176       28      564
    usbd_ioreq.o                 96
    -------------------------------------------------
    Total:                   12 734      247    5 366

command line: [2]
    -------------------------------------------------
    Total:

dl7M_tlf.a: [3]
    errno.o                      12        3        4
    exit.o                        4
    low_level_init.o              4
    xtls.o                        2
    -------------------------------------------------
    Total:                       22        3        4

m7M_tls.a: [4]
    DblAdd.o                    232
    DblMul.o                    418
    DblSub.o                    364
    DblToFlt.o                  144
    FltToDbl.o                   78
    FltToU64.o                   70
    fpinit_M.o                   34
    powf.o                      774
    sqrt.o                      256
    xfdint.o                     78
    xfdnorm.o                    38
    xfdscale.o                  196
    xfexp.o                     540
    xflog.o                      40
    -------------------------------------------------
    Total:                    3 262

rt7M_tl.a: [5]
    ABImemclr4.o                  6
    ABImemcpy_unaligned.o       118
    ABImemset48.o                50
    cexit.o                      10
    cmain.o                      26
    cstartup_M.o                 12
    data_init.o                  40
    iarEdom.o                    12
    lz77_init_single.o          118
    zero_init3.o                 64
    -------------------------------------------------
    Total:                      456

shb_l.a: [6]
    exit.o                       20
    -------------------------------------------------
    Total:                       20

    Gaps                         28        2
    Linker created                        32   16 384
-----------------------------------------------------
    Grand Total:             16 522      284   21 754


*******************************************************************************
*** ENTRY LIST
***

Entry                      Address   Size  Type      Object
-----                      -------   ----  ----      ------
.iar.init_table$$Base   0x08003f34          --   Gb  - Linker created -
.iar.init_table$$Limit  0x08003f54          --   Gb  - Linker created -
?main                   0x08003f55         Code  Gb  cmain.o [5]
AHBPrescTable           0x08003e98   0x10  Data  Gb  system_stm32f3xx.o [1]
BusFault_Handler        0x08002c7b    0x2  Code  Gb  stm32f3xx_it.o [1]
CDC_Control_FS          0x08002fbf    0x4  Code  Lc  usbd_cdc_if.o [1]
CDC_DeInit_FS           0x08002fbb    0x4  Code  Lc  usbd_cdc_if.o [1]
CDC_Init_FS             0x08002f9d   0x1e  Code  Lc  usbd_cdc_if.o [1]
CDC_Receive_FS          0x08002fc3   0x16  Code  Lc  usbd_cdc_if.o [1]
CDC_Transmit_FS         0x08002fd9   0x26  Code  Gb  usbd_cdc_if.o [1]
CSTACK$$Base            0x200001d0          --   Gb  - Linker created -
CSTACK$$Limit           0x200041d0          --   Gb  - Linker created -
DebugMon_Handler        0x08002c81    0x2  Code  Gb  stm32f3xx_it.o [1]
FS_Desc                 0x20000194   0x1c  Data  Gb  usbd_desc.o [1]
GetDist                 0x08002ebd   0x8e  Code  Gb  stm32f3xx_it.o [1]
HAL_GPIO_Init           0x08001029  0x17c  Code  Gb  stm32f3xx_hal_gpio.o [1]
HAL_GPIO_WritePin       0x080011a5    0xa  Code  Gb  stm32f3xx_hal_gpio.o [1]
HAL_GetTick             0x08001c3b    0x6  Code  Wk  stm32f3xx_hal.o [1]
HAL_I2CEx_ConfigAnalogFilter
                        0x080027c5   0x28  Code  Gb  stm32f3xx_hal_i2c_ex.o [1]
HAL_I2CEx_ConfigDigitalFilter
                        0x080027ed   0x24  Code  Gb  stm32f3xx_hal_i2c_ex.o [1]
HAL_I2C_Init            0x0800270d   0x9e  Code  Gb  stm32f3xx_hal_i2c.o [1]
HAL_I2C_MspInit         0x08002923   0x42  Code  Gb  stm32f3xx_hal_msp.o [1]
HAL_IncTick             0x08001c2d    0xe  Code  Wk  stm32f3xx_hal.o [1]
HAL_Init                0x08001bd5   0x20  Code  Gb  stm32f3xx_hal.o [1]
HAL_InitTick            0x08001bf5   0x38  Code  Wk  stm32f3xx_hal.o [1]
HAL_MspInit             0x0800289d   0x86  Code  Gb  stm32f3xx_hal_msp.o [1]
HAL_NVIC_EnableIRQ      0x0800123b    0xc  Code  Gb  stm32f3xx_hal_cortex.o [1]
HAL_NVIC_SetPriority    0x08001201   0x3a  Code  Gb  stm32f3xx_hal_cortex.o [1]
HAL_NVIC_SetPriorityGrouping
                        0x080011e7   0x1a  Code  Gb  stm32f3xx_hal_cortex.o [1]
HAL_PCDEx_PMAConfig     0x08000f31   0x34  Code  Gb  stm32f3xx_hal_pcd_ex.o [1]
HAL_PCDEx_SetConnectionState
                        0x08000ef7    0x2  Code  Gb  usbd_conf.o [1]
HAL_PCD_DataInStageCallback
                        0x08000d01   0x10  Code  Gb  usbd_conf.o [1]
HAL_PCD_DataOutStageCallback
                        0x08000cef   0x12  Code  Gb  usbd_conf.o [1]
HAL_PCD_EP_Close        0x08000887  0x160  Code  Gb  stm32f3xx_hal_pcd.o [1]
HAL_PCD_EP_ClrStall     0x08000bd9   0x9e  Code  Gb  stm32f3xx_hal_pcd.o [1]
HAL_PCD_EP_GetRxCount   0x08000a69   0x12  Code  Gb  stm32f3xx_hal_pcd.o [1]
HAL_PCD_EP_Open         0x080005fd  0x254  Code  Gb  stm32f3xx_hal_pcd.o [1]
HAL_PCD_EP_Receive      0x080009e7   0x76  Code  Gb  stm32f3xx_hal_pcd.o [1]
HAL_PCD_EP_SetStall     0x08000b4f   0x8a  Code  Gb  stm32f3xx_hal_pcd.o [1]
HAL_PCD_EP_Transmit     0x08000a7b   0x9e  Code  Gb  stm32f3xx_hal_pcd.o [1]
HAL_PCD_IRQHandler      0x080004fd   0xd2  Code  Gb  stm32f3xx_hal_pcd.o [1]
HAL_PCD_Init            0x08000189   0x88  Code  Gb  stm32f3xx_hal_pcd.o [1]
HAL_PCD_MspInit         0x08000c8d   0x56  Code  Gb  usbd_conf.o [1]
HAL_PCD_ResetCallback   0x08000d19   0x1a  Code  Gb  usbd_conf.o [1]
HAL_PCD_ResumeCallback  0x08000d4f    0x8  Code  Gb  usbd_conf.o [1]
HAL_PCD_SOFCallback     0x08000d11    0x8  Code  Gb  usbd_conf.o [1]
HAL_PCD_SetAddress      0x080005cf   0x22  Code  Gb  stm32f3xx_hal_pcd.o [1]
HAL_PCD_SetupStageCallback
                        0x08000ce3    0xc  Code  Gb  usbd_conf.o [1]
HAL_PCD_Start           0x0800021d    0xc  Code  Gb  stm32f3xx_hal_pcd.o [1]
HAL_PCD_SuspendCallback
                        0x08000d33   0x1c  Code  Gb  usbd_conf.o [1]
HAL_RCCEx_PeriphCLKConfig
                        0x08002555  0x1aa  Code  Gb  stm32f3xx_hal_rcc_ex.o [1]
HAL_RCC_ClockConfig     0x080023d5   0xe2  Code  Gb  stm32f3xx_hal_rcc.o [1]
HAL_RCC_GetHCLKFreq     0x08002505    0x6  Code  Gb  stm32f3xx_hal_rcc.o [1]
HAL_RCC_GetSysClockFreq
                        0x080024cb   0x3a  Code  Gb  stm32f3xx_hal_rcc.o [1]
HAL_RCC_OscConfig       0x08002101  0x2c2  Code  Gb  stm32f3xx_hal_rcc.o [1]
HAL_SPI_Init            0x08001c4d   0xac  Code  Gb  stm32f3xx_hal_spi.o [1]
HAL_SPI_MspInit         0x08002965   0x44  Code  Gb  stm32f3xx_hal_msp.o [1]
HAL_SYSTICK_CLKSourceConfig
                        0x08001277   0x14  Code  Gb  stm32f3xx_hal_cortex.o [1]
HAL_SYSTICK_Callback    0x080012ad    0x2  Code  Wk  stm32f3xx_hal_cortex.o [1]
HAL_SYSTICK_Config      0x0800124f   0x28  Code  Gb  stm32f3xx_hal_cortex.o [1]
HAL_SYSTICK_IRQHandler  0x080012a5    0x8  Code  Gb  stm32f3xx_hal_cortex.o [1]
HAL_TIMEx_Break2Callback
                        0x08002891    0x2  Code  Wk  stm32f3xx_hal_tim_ex.o [1]
HAL_TIMEx_BreakCallback
                        0x0800288f    0x2  Code  Wk  stm32f3xx_hal_tim_ex.o [1]
HAL_TIMEx_CommutationCallback
                        0x0800288d    0x2  Code  Wk  stm32f3xx_hal_tim_ex.o [1]
HAL_TIMEx_MasterConfigSynchronization
                        0x08002841   0x4c  Code  Gb  stm32f3xx_hal_tim_ex.o [1]
HAL_TIM_Base_Init       0x08001d3d   0x1a  Code  Gb  stm32f3xx_hal_tim.o [1]
HAL_TIM_Base_MspInit    0x080029a9   0x80  Code  Gb  stm32f3xx_hal_msp.o [1]
HAL_TIM_Base_Start_IT   0x08001d57   0x16  Code  Gb  stm32f3xx_hal_tim.o [1]
HAL_TIM_ConfigClockSource
                        0x08001ef7   0xae  Code  Gb  stm32f3xx_hal_tim.o [1]
HAL_TIM_IC_CaptureCallback
                        0x08001fd9    0x2  Code  Wk  stm32f3xx_hal_tim.o [1]
HAL_TIM_IRQHandler      0x08001d89  0x164  Code  Gb  stm32f3xx_hal_tim.o [1]
HAL_TIM_OC_DelayElapsedCallback
                        0x08001fd7    0x2  Code  Wk  stm32f3xx_hal_tim.o [1]
HAL_TIM_PWM_PulseFinishedCallback
                        0x08001fdb    0x2  Code  Wk  stm32f3xx_hal_tim.o [1]
HAL_TIM_PeriodElapsedCallback
                        0x08001fd5    0x2  Code  Wk  stm32f3xx_hal_tim.o [1]
HAL_TIM_TriggerCallback
                        0x08001fdd    0x2  Code  Wk  stm32f3xx_hal_tim.o [1]
HardFault_Handler       0x08002c77    0x2  Code  Gb  stm32f3xx_it.o [1]
MX_I2C1_Init            0x0800169b   0x3e  Code  Lc  main.o [1]
MX_TIM1_Init            0x080016d9   0x28  Code  Lc  main.o [1]
MX_TIM2_Init            0x0800170d   0x14  Code  Lc  main.o [1]
MX_TIM3_Init            0x08001765   0x1e  Code  Lc  main.o [1]
MX_USB_DEVICE_Init      0x08001d05   0x38  Code  Gb  usb_device.o [1]
MemManage_Handler       0x08002c79    0x2  Code  Gb  stm32f3xx_it.o [1]
NMI_Handler             0x08002c75    0x2  Code  Gb  stm32f3xx_it.o [1]
NVIC_SetPriority        0x080011cd   0x1a  Code  Lc  stm32f3xx_hal_cortex.o [1]
PCD_EP_ISR_Handler      0x08000229  0x284  Code  Lc  stm32f3xx_hal_pcd.o [1]
PCD_ReadPMA             0x08000f89   0x2a  Code  Gb  stm32f3xx_hal_pcd_ex.o [1]
PCD_WritePMA            0x08000f65   0x24  Code  Gb  stm32f3xx_hal_pcd_ex.o [1]
PendSV_Handler          0x08002c83    0x2  Code  Gb  stm32f3xx_it.o [1]
Region$$Table$$Base     0x08003f34          --   Gb  - Linker created -
Region$$Table$$Limit    0x08003f54          --   Gb  - Linker created -
SVC_Handler             0x08002c7f    0x2  Code  Gb  stm32f3xx_it.o [1]
SysTick_Handler         0x08002c85    0xe  Code  Gb  stm32f3xx_it.o [1]
SystemClock_Config      0x08001603   0x98  Code  Gb  main.o [1]
SystemCoreClock         0x20000070    0x4  Data  Gb  system_stm32f3xx.o [1]
SystemInit              0x08003e2d   0x52  Code  Gb  system_stm32f3xx.o [1]
TIM1_UP_TIM16_IRQHandler
                        0x08002c99   0xac  Code  Gb  stm32f3xx_it.o [1]
TIM2_IRQHandler         0x08002d45   0xa8  Code  Gb  stm32f3xx_it.o [1]
TIM3_IRQHandler         0x08002e8b   0x32  Code  Gb  stm32f3xx_it.o [1]
TIM_Base_SetConfig      0x08001fdf   0x90  Code  Gb  stm32f3xx_hal_tim.o [1]
TIM_ETR_SetConfig       0x080020eb   0x14  Code  Gb  stm32f3xx_hal_tim.o [1]
TIM_ITRx_SetConfig      0x080020db   0x10  Code  Lc  stm32f3xx_hal_tim.o [1]
TIM_TI1_ConfigInputStage
                        0x08002095   0x22  Code  Lc  stm32f3xx_hal_tim.o [1]
TIM_TI2_ConfigInputStage
                        0x080020b7   0x24  Code  Lc  stm32f3xx_hal_tim.o [1]
USBD_CDC                0x20000080   0x38  Data  Gb  usbd_cdc.o [1]
USBD_CDC_CfgFSDesc      0x200000fc   0x44  Data  Gb  usbd_cdc.o [1]
USBD_CDC_CfgHSDesc      0x200000b8   0x44  Data  Gb  usbd_cdc.o [1]
USBD_CDC_DataIn         0x08002b5f   0x14  Code  Lc  usbd_cdc.o [1]
USBD_CDC_DataOut        0x08002b73   0x2a  Code  Lc  usbd_cdc.o [1]
USBD_CDC_DeInit         0x08002ac3   0x36  Code  Lc  usbd_cdc.o [1]
USBD_CDC_DeviceQualifierDesc
                        0x20000074    0xc  Data  Lc  usbd_cdc.o [1]
USBD_CDC_EP0_RxReady    0x08002b9d   0x26  Code  Lc  usbd_cdc.o [1]
USBD_CDC_GetDeviceQualifierDescriptor
                        0x08002bdb    0x8  Code  Gb  usbd_cdc.o [1]
USBD_CDC_GetFSCfgDesc   0x08002bc3    0x8  Code  Lc  usbd_cdc.o [1]
USBD_CDC_GetHSCfgDesc   0x08002bcb    0x8  Code  Lc  usbd_cdc.o [1]
USBD_CDC_GetOtherSpeedCfgDesc
                        0x08002bd3    0x8  Code  Lc  usbd_cdc.o [1]
USBD_CDC_Init           0x08002a45   0x74  Code  Lc  usbd_cdc.o [1]
USBD_CDC_OtherSpeedCfgDesc
                        0x20000140   0x44  Data  Gb  usbd_cdc.o [1]
USBD_CDC_ReceivePacket  0x08002c4f   0x26  Code  Gb  usbd_cdc.o [1]
USBD_CDC_RegisterInterface
                        0x08002bf9    0xe  Code  Gb  usbd_cdc.o [1]
USBD_CDC_SetRxBuffer    0x08002c17    0xc  Code  Gb  usbd_cdc.o [1]
USBD_CDC_SetTxBuffer    0x08002c07   0x10  Code  Gb  usbd_cdc.o [1]
USBD_CDC_Setup          0x08002af9   0x66  Code  Lc  usbd_cdc.o [1]
USBD_CDC_TransmitPacket
                        0x08002c23   0x2c  Code  Gb  usbd_cdc.o [1]
USBD_ClrClassConfig     0x08001305    0xa  Code  Gb  usbd_core.o [1]
USBD_CtlContinueRx      0x08001ba7    0x2  Code  Gb  usbd_ioreq.o [1]
USBD_CtlContinueSendData
                        0x08001b85    0x2  Code  Gb  usbd_ioreq.o [1]
USBD_CtlError           0x08001b19   0x16  Code  Gb  usbd_ctlreq.o [1]
USBD_CtlPrepareRx       0x08001b95   0x12  Code  Gb  usbd_ioreq.o [1]
USBD_CtlReceiveStatus   0x08001bc5    0xe  Code  Gb  usbd_ioreq.o [1]
USBD_CtlSendData        0x08001b73   0x12  Code  Gb  usbd_ioreq.o [1]
USBD_CtlSendStatus      0x08001bb7    0xe  Code  Gb  usbd_ioreq.o [1]
USBD_FS_ConfigStrDescriptor
                        0x08003db5    0xa  Code  Gb  usbd_desc.o [1]
USBD_FS_DeviceDesc      0x200001b0   0x14  Data  Gb  usbd_desc.o [1]
USBD_FS_DeviceDescriptor
                        0x08003d7d    0x8  Code  Gb  usbd_desc.o [1]
USBD_FS_InterfaceStrDescriptor
                        0x08003dbf    0xa  Code  Gb  usbd_desc.o [1]
USBD_FS_LangIDStrDescriptor
                        0x08003d85    0x8  Code  Gb  usbd_desc.o [1]
USBD_FS_ManufacturerStrDescriptor
                        0x08003d97    0x8  Code  Gb  usbd_desc.o [1]
USBD_FS_ProductStrDescriptor
                        0x08003d8d    0xa  Code  Gb  usbd_desc.o [1]
USBD_FS_SerialStrDescriptor
                        0x08003dab    0xa  Code  Gb  usbd_desc.o [1]
USBD_GetDescriptor      0x080019fd   0xee  Code  Lc  usbd_ctlreq.o [1]
USBD_GetString          0x08001b2f   0x44  Code  Gb  usbd_ctlreq.o [1]
USBD_Init               0x080012af   0x26  Code  Gb  usbd_core.o [1]
USBD_Interface_fops_FS  0x20000184   0x10  Data  Gb  usbd_cdc_if.o [1]
USBD_LL_ClearStallEP    0x08000e4d   0x1a  Code  Gb  usbd_conf.o [1]
USBD_LL_CloseEP         0x08000e19   0x1a  Code  Gb  usbd_conf.o [1]
USBD_LL_DataInStage     0x080013c9   0x9c  Code  Gb  usbd_core.o [1]
USBD_LL_DataOutStage    0x08001365   0x64  Code  Gb  usbd_core.o [1]
USBD_LL_GetRxDataSize   0x08000ed1    0x8  Code  Gb  usbd_conf.o [1]
USBD_LL_Init            0x08000d57   0x88  Code  Gb  usbd_conf.o [1]
USBD_LL_IsStallEP       0x08000e67   0x1c  Code  Gb  usbd_conf.o [1]
USBD_LL_OpenEP          0x08000df9   0x20  Code  Gb  usbd_conf.o [1]
USBD_LL_PrepareReceive  0x08000eb7   0x1a  Code  Gb  usbd_conf.o [1]
USBD_LL_Reset           0x08001465   0x42  Code  Gb  usbd_core.o [1]
USBD_LL_Resume          0x080014b9    0x6  Code  Gb  usbd_core.o [1]
USBD_LL_SOF             0x080014c5   0x1a  Code  Gb  usbd_core.o [1]
USBD_LL_SetSpeed        0x080014a7    0x6  Code  Gb  usbd_core.o [1]
USBD_LL_SetUSBAddress   0x08000e83   0x1a  Code  Gb  usbd_conf.o [1]
USBD_LL_SetupStage      0x0800130f   0x56  Code  Gb  usbd_core.o [1]
USBD_LL_StallEP         0x08000e33   0x1a  Code  Gb  usbd_conf.o [1]
USBD_LL_Start           0x08000ddf   0x1a  Code  Gb  usbd_conf.o [1]
USBD_LL_Suspend         0x080014ad    0xc  Code  Gb  usbd_core.o [1]
USBD_LL_Transmit        0x08000e9d   0x1a  Code  Gb  usbd_conf.o [1]
USBD_LangIDDesc         0x200001c4    0x4  Data  Gb  usbd_desc.o [1]
USBD_ParseSetupRequest  0x08001af1   0x28  Code  Gb  usbd_ctlreq.o [1]
USBD_RegisterClass      0x080012d5   0x10  Code  Gb  usbd_core.o [1]
USBD_SetClassConfig     0x080012ef   0x16  Code  Gb  usbd_core.o [1]
USBD_Start              0x080012e5    0xa  Code  Gb  usbd_core.o [1]
USBD_StdDevReq          0x080017c1  0x138  Code  Gb  usbd_ctlreq.o [1]
USBD_StdEPReq           0x0800192f   0xc2  Code  Gb  usbd_ctlreq.o [1]
USBD_StdItfReq          0x080018fd   0x32  Code  Gb  usbd_ctlreq.o [1]
USBD_StrDesc            0x2000518c  0x200  Data  Gb  usbd_desc.o [1]
USBD_static_free        0x08000ef5    0x2  Code  Gb  usbd_conf.o [1]
USBD_static_malloc      0x08000ed9    0x4  Code  Gb  usbd_conf.o [1]
USB_LP_CAN_RX0_IRQHandler
                        0x08002c93    0x6  Code  Gb  stm32f3xx_it.o [1]
UsageFault_Handler      0x08002c7d    0x2  Code  Gb  stm32f3xx_it.o [1]
UserRxBufferFS          0x200041d0  0x3e8  Data  Gb  usbd_cdc_if.o [1]
UserTxBufferFS          0x200045b8  0x3e8  Data  Gb  usbd_cdc_if.o [1]
_Error_Handler          0x080017bf    0x2  Code  Gb  main.o [1]
__aeabi_d2f             0x080037b5         Code  Gb  DblToFlt.o [4]
__aeabi_dadd            0x080035cd         Code  Gb  DblAdd.o [4]
__aeabi_dmul            0x08003429         Code  Gb  DblMul.o [4]
__aeabi_errno_addr      0x080038ed    0x6  Code  Gb  errno.o [3]
__aeabi_f2d             0x080033d9         Code  Gb  FltToDbl.o [4]
__aeabi_f2ulz           0x08003089         Code  Gb  FltToU64.o [4]
__aeabi_memclr4         0x08003081         Code  Gb  ABImemclr4.o [5]
__cmain                 0x08003f55         Code  Gb  cmain.o [5]
__exit                  0x08003f85   0x14  Code  Gb  exit.o [6]
__iar_Errno             0x200001c8    0x4  Data  Gb  errno.o [3]
__iar_FDint             0x0800389d   0x4e  Code  Gb  xfdint.o [4]
__iar_FDnorm            0x08003877   0x26  Code  Gb  xfdnorm.o [4]
__iar_FDscale           0x08003cb9   0xc4  Code  Gb  xfdscale.o [4]
__iar_FExp              0x08003921  0x1ec  Code  Gb  xfexp.o [4]
__iar_FLogpoly          0x080038f9   0x1a  Code  Gb  xflog.o [4]
__iar_Memset4_word      0x08003845         Code  Gb  ABImemset48.o [5]
__iar_Memset8_word      0x08003845         Code  Gb  ABImemset48.o [5]
__iar_dadd              0x080035e1         Code  Gb  DblAdd.o [4]
__iar_data_init3        0x08003ee9   0x28  Code  Gb  data_init.o [5]
__iar_dlib_perthread_access
                        0x08003cb5    0x2  Code  Gb  xtls.o [3]
__iar_dsub              0x08003b3d         Code  Gb  DblSub.o [4]
__iar_dsubStart         0x08003b4f         Code  Gb  DblSub.o [4]
__iar_edom              0x08003ca9         Code  Gb  iarEdom.o [5]
__iar_init_vfp          0x08003f11         Code  Gb  fpinit_M.o [4]
__iar_lz77_init_single3
                        0x08000fb3   0x76  Code  Gb  lz77_init_single.o [5]
__iar_program_start     0x08003fa9         Code  Gb  cstartup_M.o [5]
__iar_sqrt              0x080036c5         Code  Gb  sqrt.o [4]
__iar_unaligned___aeabi_memcpy
                        0x08003009         Code  Gb  ABImemcpy_unaligned.o [5]
__iar_unaligned___aeabi_memcpy4
                        0x08003029         Code  Gb  ABImemcpy_unaligned.o [5]
__iar_unaligned___aeabi_memcpy8
                        0x08003029         Code  Gb  ABImemcpy_unaligned.o [5]
__iar_vfp_sqrt          0x080036b5         Code  Gb  sqrt.o [4]
__iar_vfp_sqrtl         0x080036b5         Code  Gb  sqrt.o [4]
__iar_zero_init3        0x08003ea9   0x40  Code  Gb  zero_init3.o [5]
__low_level_init        0x08003f6f    0x4  Code  Gb  low_level_init.o [3]
__vector_table          0x08000000         Data  Gb  startup_stm32f303xc.o [1]
_call_main              0x08003f61         Code  Gb  cmain.o [5]
_exit                   0x08003f79         Code  Gb  cexit.o [5]
_main                   0x08003f6b         Code  Gb  cmain.o [5]
aPLLMULFactorTable      0x08002534   0x10  Data  Gb  stm32f3xx_hal_rcc.o [1]
aPredivFactorTable      0x08002544   0x10  Data  Gb  stm32f3xx_hal_rcc.o [1]
an1                     0x20000000    0xc  Data  Gb  stm32f3xx_it.o [1]
an2                     0x2000004c    0xc  Data  Gb  stm32f3xx_it.o [1]
an3                     0x20000058    0xc  Data  Gb  stm32f3xx_it.o [1]
an4                     0x20000064    0xc  Data  Gb  stm32f3xx_it.o [1]
exit                    0x08003f73    0x4  Code  Gb  exit.o [3]
hUsbDeviceFS            0x20004d48  0x224  Data  Gb  usb_device.o [1]
hi2c1                   0x200053f0   0x4c  Data  Gb  main.o [1]
hpcd_USB_FS             0x200049a0  0x3a8  Data  Gb  usbd_conf.o [1]
hspi1                   0x2000538c   0x64  Data  Gb  main.o [1]
htim1                   0x2000543c   0x40  Data  Gb  main.o [1]
htim2                   0x2000547c   0x40  Data  Gb  main.o [1]
htim3                   0x200054bc   0x40  Data  Gb  main.o [1]
internal_Pow            0x080030d1  0x2fa  Code  Lc  powf.o [4]
main                    0x080014e5  0x11e  Code  Gb  main.o [1]
microtick               0x20000010    0x8  Data  Gb  stm32f3xx_it.o [1]
powf                    0x080033d3    0x4  Code  Gb  powf.o [4]
sqrt                    0x080036c5         Code  Gb  sqrt.o [4]
sqrtl                   0x080036c5         Code  Gb  sqrt.o [4]
tag1                    0x20000028    0xc  Data  Gb  stm32f3xx_it.o [1]
tag2                    0x20000034    0xc  Data  Gb  stm32f3xx_it.o [1]
uwTick                  0x20000044    0x4  Data  Gb  stm32f3xx_hal.o [1]
uwTickFreq              0x20000040    0x1  Data  Gb  stm32f3xx_hal.o [1]
uwTickPrio              0x20000048    0x4  Data  Gb  stm32f3xx_hal.o [1]


[1] = E:\STM32\AIR\rs485_adapter_emul\emul\EWARM\emul\Obj
[2] = command line
[3] = dl7M_tlf.a
[4] = m7M_tls.a
[5] = rt7M_tl.a
[6] = shb_l.a

  16 522 bytes of readonly  code memory
     284 bytes of readonly  data memory
  21 754 bytes of readwrite data memory

Errors: none
Warnings: none
